// Jest Snapshot v1, https://goo.gl/fbAQLP

exports[`<Home /> should match the snapshot 1`] = `"<div class=\\"makeStyles-root-2\\"></div><div class=\\"MuiCircularProgress-root MuiCircularProgress-colorSecondary MuiCircularProgress-indeterminate\\" style=\\"width:3em;height:3em\\" role=\\"progressbar\\"><svg class=\\"MuiCircularProgress-svg\\" viewBox=\\"22 22 44 44\\"><circle class=\\"MuiCircularProgress-circle MuiCircularProgress-circleIndeterminate\\" cx=\\"44\\" cy=\\"44\\" r=\\"20.2\\" fill=\\"none\\" stroke-width=\\"3.6\\"></circle></svg></div>"`;
